None of PyTorch, TensorFlow >= 2.0, or Flax have been found. Models won't be available and only tokenizers, configuration and file/data utilities can be used.
INFO:     Started server process [23380]
INFO:     Waiting for application startup.
INFO:     Application startup complete.
INFO:     Uvicorn running on http://127.0.0.1:8899 (Press CTRL+C to quit)
Future exception was never retrieved
future: <Future finished exception=ServerSelectionTimeoutError("No servers found yet, Timeout: 1.5s, Topology Description: <TopologyDescription id: 6a8e561cc4a4be0d03a342bf, topology_type: Unknown, servers: [<ServerDescription ('localhost', 27017) server_type: Unknown, rtt: None>]>")>
Traceback (most recent call last):
  File "C:\Program Files\WindowsApps\PythonSoftwareFoundation.Python.3.13_3.13.3824.0_x64__qbz5n2kfra8p0\Lib\concurrent\futures\thread.py", line 59, in run
    result = self.fn(*self.args, **self.kwargs)
  File "D:\GameFactory\projects\flowmind-ai\backend\.venv\Lib\site-packages\pymongo\_csot.py", line 120, in csot_wrapper
    return func(self, *args, **kwargs)
  File "D:\GameFactory\projects\flowmind-ai\backend\.venv\Lib\site-packages\pymongo\synchronous\database.py", line 906, in command
    with self._client._conn_for_reads(read_preference, session, operation=command_name) as (
         ~~~~~~~~~~~~~~~~~~~~~~~~~~~~^^^^^^^^^^^^^^^^^^^^^^^^^^^^^^^^^^^^^^^^^^^^^^^^^^
  File "D:\GameFactory\projects\flowmind-ai\backend\.venv\Lib\site-packages\pymongo\synchronous\mongo_client.py", line 1701, in _conn_for_reads
    server = self._select_server(read_preference, session, operation)
  File "D:\GameFactory\projects\flowmind-ai\backend\.venv\Lib\site-packages\pymongo\synchronous\mongo_client.py", line 1649, in _select_server
    server = topology.select_server(
        server_selector,
    ...<2 lines>...
        operation_id=operation_id,
    )
  File "D:\GameFactory\projects\flowmind-ai\backend\.venv\Lib\site-packages\pymongo\synchronous\topology.py", line 398, in select_server
    server = self._select_server(
        selector,
    ...<4 lines>...
        operation_id=operation_id,
    )
  File "D:\GameFactory\projects\flowmind-ai\backend\.venv\Lib\site-packages\pymongo\synchronous\topology.py", line 376, in _select_server
    servers = self.select_servers(
        selector, operation, server_selection_timeout, address, operation_id
    )
  File "D:\GameFactory\projects\flowmind-ai\backend\.venv\Lib\site-packages\pymongo\synchronous\topology.py", line 283, in select_servers
    server_descriptions = self._select_servers_loop(
        selector, server_timeout, operation, operation_id, address
    )
  File "D:\GameFactory\projects\flowmind-ai\backend\.venv\Lib\site-packages\pymongo\synchronous\topology.py", line 333, in _select_servers_loop
    raise ServerSelectionTimeoutError(
        f"{self._error_message(selector)}, Timeout: {timeout}s, Topology Description: {self.description!r}"
    )
pymongo.errors.ServerSelectionTimeoutError: No servers found yet, Timeout: 1.5s, Topology Description: <TopologyDescription id: 6a8e561cc4a4be0d03a342bf, topology_type: Unknown, servers: [<ServerDescription ('localhost', 27017) server_type: Unknown, rtt: None>]>
